<?xml version="1.0" encoding="UTF-8"?>
<testsuite name="SampleTestSuite" tests="1" failures="1" errors="0" skipped="0" timestamp="2024-11-05T10:00:00" time="0.123">
    <testcase classname="com.example.tests.SampleTest" name="testFailure" time="0.123">
       
    </testcase>
</testsuite>

